  "GET /api/health HTTP/1.1" 200 -
  "POST /api/login HTTP/1.1" 200 -
  "GET /api/trainings HTTP/1.1" 200 -
  "POST /api/quiz/start HTTP/1.1" 200 -
  "POST /api/quiz/answer HTTP/1.1" 200 -
  "POST /api/quiz/answer HTTP/1.1" 200 -
  "POST /api/quiz/answer HTTP/1.1" 200 -
  "POST /api/quiz/answer HTTP/1.1" 200 -
  "POST /api/quiz/submit HTTP/1.1" 200 -
  "POST /api/quiz/start HTTP/1.1" 200 -
  "POST /api/quiz/answer HTTP/1.1" 200 -
  "POST /api/quiz/answer HTTP/1.1" 200 -
  "POST /api/quiz/answer HTTP/1.1" 200 -
  "POST /api/quiz/answer HTTP/1.1" 200 -
  "POST /api/quiz/submit HTTP/1.1" 200 -
  "GET /api/qscore HTTP/1.1" 200 -
  "GET /api/health HTTP/1.1" 200 -
  "GET /api/health HTTP/1.1" 200 -
  "GET /api/health HTTP/1.1" 200 -
  "POST /api/login HTTP/1.1" 200 -
  "GET /api/team HTTP/1.1" 200 -
  "GET /api/trainings HTTP/1.1" 200 -
  "GET /api/trainings HTTP/1.1" 200 -
  "GET /api/documents HTTP/1.1" 200 -
  "GET /api/roles HTTP/1.1" 200 -
  "GET /api/documents HTTP/1.1" 200 -
  "GET /api/roles HTTP/1.1" 200 -
  "GET /api/trainings HTTP/1.1" 200 -
  "GET /api/trainings HTTP/1.1" 200 -
  "GET /api/lesson?training=CUSTOMER%20SUCCESS%20MANAGER HTTP/1.1" 200 -
  "GET /api/lesson?training=CUSTOMER%20SUCCESS%20MANAGER HTTP/1.1" 200 -
  "GET /api/documents HTTP/1.1" 200 -
  "GET /api/roles HTTP/1.1" 200 -
  "GET /api/documents HTTP/1.1" 200 -
  "GET /api/roles HTTP/1.1" 200 -
  "GET /api/trainings HTTP/1.1" 200 -
  "GET /api/trainings HTTP/1.1" 200 -
  "GET /api/lesson?training=CUSTOMER%20SUCCESS%20MANAGER HTTP/1.1" 200 -
  "GET /api/lesson?training=CUSTOMER%20SUCCESS%20MANAGER HTTP/1.1" 200 -
  "GET /api/trainings HTTP/1.1" 200 -
  "GET /api/trainings HTTP/1.1" 200 -
  "GET /api/lesson?training=CUSTOMER%20SUCCESS%20MANAGER HTTP/1.1" 200 -
  "GET /api/lesson?training=CUSTOMER%20SUCCESS%20MANAGER HTTP/1.1" 200 -
  "POST /api/quiz/start HTTP/1.1" 200 -
  "POST /api/quiz/answer HTTP/1.1" 200 -
  "POST /api/quiz/answer HTTP/1.1" 200 -
  "GET /api/roles HTTP/1.1" 200 -
  "GET /api/documents HTTP/1.1" 200 -
  "GET /api/documents HTTP/1.1" 200 -
  "GET /api/roles HTTP/1.1" 200 -
  "GET /api/trainings HTTP/1.1" 200 -
  "GET /api/trainings HTTP/1.1" 200 -
  "GET /api/roles HTTP/1.1" 200 -
  "GET /api/documents HTTP/1.1" 200 -
  "GET /api/documents HTTP/1.1" 200 -
  "GET /api/roles HTTP/1.1" 200 -
